exports[`<LanguageSelector /> matches snapshot 1`] = `
<LineSnippet
  lineNumber={1}
  value="foo bar baz" />
`;
