exports[`<TokenSelector /> matches snapshot 1`] = `
<div
  onChange={[Function]}
  style={
    Object {
      "muiPrepared": true,
      "padding": "0px 0px 8px 0px",
    }
  }>
  <div
    style={
      Object {
        "boxSizing": "border-box",
        "color": "rgba(0, 0, 0, 0.54)",
        "fontSize": 14,
        "fontWeight": 500,
        "lineHeight": "48px",
        "muiPrepared": true,
        "paddingLeft": 16,
        "width": "100%",
      }
    }>
    Token types to highlight
  </div>
  <div>
    <label
      className="style-listheight"
      onTouchEnd={[Function]}
      open={null}
      style={
        Object {
          "backgroundColor": null,
          "color": "rgba(0, 0, 0, 0.87)",
          "cursor": "pointer",
          "display": "block",
          "fontSize": 16,
          "lineHeight": "16px",
          "marginLeft": 0,
          "muiPrepared": true,
          "paddingBottom": 16,
          "paddingLeft": 72,
          "paddingRight": 16,
          "paddingTop": 16,
          "position": "relative",
          "transition": "all 450ms cubic-bezier(0.23, 1, 0.32, 1) 0ms",
        }
      }>
      <div
        style={
          Object {
            "muiPrepared": true,
          }
        }>
        for-each
      </div>
    </label>
  </div>
  <div>
    <label
      className="style-listheight"
      onTouchEnd={[Function]}
      open={null}
      style={
        Object {
          "backgroundColor": null,
          "color": "rgba(0, 0, 0, 0.87)",
          "cursor": "pointer",
          "display": "block",
          "fontSize": 16,
          "lineHeight": "16px",
          "marginLeft": 0,
          "muiPrepared": true,
          "paddingBottom": 16,
          "paddingLeft": 72,
          "paddingRight": 16,
          "paddingTop": 16,
          "position": "relative",
          "transition": "all 450ms cubic-bezier(0.23, 1, 0.32, 1) 0ms",
        }
      }>
      <div
        style={
          Object {
            "muiPrepared": true,
          }
        }>
        for-in
      </div>
    </label>
  </div>
  <div>
    <label
      className="style-listheight"
      onTouchEnd={[Function]}
      open={null}
      style={
        Object {
          "backgroundColor": null,
          "color": "rgba(0, 0, 0, 0.87)",
          "cursor": "pointer",
          "display": "block",
          "fontSize": 16,
          "lineHeight": "16px",
          "marginLeft": 0,
          "muiPrepared": true,
          "paddingBottom": 16,
          "paddingLeft": 72,
          "paddingRight": 16,
          "paddingTop": 16,
          "position": "relative",
          "transition": "all 450ms cubic-bezier(0.23, 1, 0.32, 1) 0ms",
        }
      }>
      <div
        style={
          Object {
            "muiPrepared": true,
          }
        }>
        for-of
      </div>
    </label>
  </div>
</div>
`;
