exports[`<TokenInfoPanel /> matches snapshot 1`] = `null`;
