exports[`<CodesplainAppBar /> resetApplication dispatches the correct actions to reset state 1`] = `
Array [
  Object {
    "type": "RESET_STATE",
  },
  Object {
    "payload": "",
    "type": "SET_AUTHOR",
  },
  Object {
    "type": "CLOSE_ANNOTATION_PANEL",
  },
]
`;

exports[`<CodesplainAppBar /> snapshot tests user is logged in 1`] = `
<div>
  <AppBar
    iconElementRight={
      <div
        style={
          Object {
            "height": "100%",
            "margin": 0,
            "padding": 0,
            "width": "100%",
          }
        }>
        <div
          style={
            Object {
              "alignItems": "center",
              "display": "inline-flex",
              "height": "100%",
            }
          } />
        <div
          style={
            Object {
              "alignItems": "center",
              "display": "inline-flex",
              "float": "right",
              "height": "100%",
            }
          }>
          <LoginButton
            onClick={[Function]} />
        </div>
      </div>
    }
    iconStyleRight={
      Object {
        "height": "100%",
        "margin": "0",
        "width": "100%",
      }
    }
    showMenuIconButton={false}
    style={
      Object {
        "background": "#333333",
        "height": "60px",
      }
    }
    title={
      <span
        onClick={[Function]}
        style={
          Object {
            "color": "#00e6e6",
            "cursor": "pointer",
            "fontWeight": "bold",
            "marginRight": "50px",
          }
        }>
        Codesplain
      </span>
    }
    titleStyle={
      Object {
        "display": "inline-flex",
        "flexBasis": "auto",
        "flexGrow": "0",
      }
    }
    zDepth={1} />
  <Dialog
    actions={
      Array [
        <FlatButton
          disabled={false}
          fullWidth={false}
          label="Cancel"
          labelPosition="after"
          labelStyle={Object {}}
          onKeyboardFocus={[Function]}
          onMouseEnter={[Function]}
          onMouseLeave={[Function]}
          onTouchStart={[Function]}
          onTouchTap={[Function]}
          primary={false}
          secondary={true} />,
        <FlatButton
          disabled={false}
          fullWidth={false}
          label="Discard"
          labelPosition="after"
          labelStyle={Object {}}
          onKeyboardFocus={[Function]}
          onMouseEnter={[Function]}
          onMouseLeave={[Function]}
          onTouchStart={[Function]}
          onTouchTap={[Function]}
          primary={true}
          secondary={false} />,
      ]
    }
    autoDetectWindowHeight={true}
    autoScrollBodyContent={false}
    modal={false}
    onRequestClose={[Function]}
    open={false}
    repositionOnUpdate={true}>
    Discard unsaved changes?
  </Dialog>
</div>
`;

exports[`<CodesplainAppBar /> snapshot tests user is not logged in 1`] = `
<div>
  <AppBar
    iconElementRight={
      <div
        style={
          Object {
            "height": "100%",
            "margin": 0,
            "padding": 0,
            "width": "100%",
          }
        }>
        <div
          style={
            Object {
              "alignItems": "center",
              "display": "inline-flex",
              "height": "100%",
            }
          } />
        <div
          style={
            Object {
              "alignItems": "center",
              "display": "inline-flex",
              "float": "right",
              "height": "100%",
            }
          }>
          <LoginButton
            onClick={[Function]} />
        </div>
      </div>
    }
    iconStyleRight={
      Object {
        "height": "100%",
        "margin": "0",
        "width": "100%",
      }
    }
    showMenuIconButton={false}
    style={
      Object {
        "background": "#333333",
        "height": "60px",
      }
    }
    title={
      <span
        onClick={[Function]}
        style={
          Object {
            "color": "#00e6e6",
            "cursor": "pointer",
            "fontWeight": "bold",
            "marginRight": "50px",
          }
        }>
        Codesplain
      </span>
    }
    titleStyle={
      Object {
        "display": "inline-flex",
        "flexBasis": "auto",
        "flexGrow": "0",
      }
    }
    zDepth={1} />
  <Dialog
    actions={
      Array [
        <FlatButton
          disabled={false}
          fullWidth={false}
          label="Cancel"
          labelPosition="after"
          labelStyle={Object {}}
          onKeyboardFocus={[Function]}
          onMouseEnter={[Function]}
          onMouseLeave={[Function]}
          onTouchStart={[Function]}
          onTouchTap={[Function]}
          primary={false}
          secondary={true} />,
        <FlatButton
          disabled={false}
          fullWidth={false}
          label="Discard"
          labelPosition="after"
          labelStyle={Object {}}
          onKeyboardFocus={[Function]}
          onMouseEnter={[Function]}
          onMouseLeave={[Function]}
          onTouchStart={[Function]}
          onTouchTap={[Function]}
          primary={true}
          secondary={false} />,
      ]
    }
    autoDetectWindowHeight={true}
    autoScrollBodyContent={false}
    modal={false}
    onRequestClose={[Function]}
    open={false}
    repositionOnUpdate={true}>
    Discard unsaved changes?
  </Dialog>
</div>
`;
