exports[`Reducer: App initialState matches snapshot 1`] = `
Object {
  "AST": Object {},
  "annotations": Object {},
  "filters": Object {},
  "hasUnsavedChanges": false,
  "readOnly": false,
  "snippet": "",
  "snippetLanguage": "python3",
  "snippetTitle": "",
}
`;
