exports[`Reducer: Parser should have initial state 1`] = `
Object {
  "error": null,
  "language": "",
}
`;
