exports[`Reducer: User initialState matches snapshot 1`] = `
Object {
  "orgSnippets": Object {},
  "orgs": Array [],
  "selectedOrg": null,
  "token": "",
  "userSnippets": Object {},
  "username": "",
}
`;
