exports[`util: rules ignored rules should match snapshot 1`] = `undefined`;

exports[`util: rules rules should match snapshot 1`] = `undefined`;
