exports[`util: state-management defaultStateValues matches snapshot 1`] = `
Object {
  "snippetLanguage": "python3",
}
`;
